// Jest Snapshot v1, https://goo.gl/fbAQLP

exports[`getRiskTypesWithUncategorized matches snapshot 1`] = `
Array [
  Object {
    "_id": 15,
    "risks": Array [
      Object {
        "_id": 10,
        "departmentsIds": Array [
          16,
        ],
        "standardsIds": Array [
          1,
        ],
        "typeId": 15,
      },
      Object {
        "_id": 11,
        "departmentsIds": Array [
          16,
          17,
        ],
        "standardsIds": Array [
          1,
          2,
        ],
        "typeId": 15,
      },
      Object {
        "_id": 12,
        "deletedAt": 1513074233019,
        "departmentsIds": Array [
          17,
        ],
        "isDeleted": true,
        "standardsIds": Array [
          5,
        ],
        "typeId": 15,
      },
    ],
  },
  Object {
    "_id": "RiskTypes.Uncategorized",
    "organizationId": undefined,
    "risks": Array [
      Object {
        "_id": 13,
        "deletedAt": 1513074233018,
        "isDeleted": true,
        "standardsIds": Array [
          1,
        ],
      },
      Object {
        "_id": 14,
        "standardsIds": Array [
          2,
        ],
      },
    ],
    "title": "Uncategorized",
  },
]
`;
